kotlin version: 2.2.10
error message: Incremental compilation failed: null
java.io.EOFException
	at java.base/java.io.DataInputStream.readFully(Unknown Source)
	at java.base/java.io.DataInputStream.readFully(Unknown Source)
	at org.jetbrains.kotlin.com.intellij.util.io.IOUtil.readString(IOUtil.java:79)
	at org.jetbrains.kotlin.incremental.storage.StringExternalizer.read(externalizers.kt:225)
	at org.jetbrains.kotlin.incremental.storage.ExternalizersKt.readString(externalizers.kt:256)
	at org.jetbrains.kotlin.incremental.storage.JvmClassNameExternalizer.read(externalizers.kt:116)
	at org.jetbrains.kotlin.incremental.classpathDiff.JvmClassNameExternalizerWithInterning.read(ClasspathSnapshotSerializer.kt:287)
	at org.jetbrains.kotlin.incremental.classpathDiff.JvmClassNameExternalizerWithInterning.read(ClasspathSnapshotSerializer.kt:282)
	at org.jetbrains.kotlin.incremental.storage.CollectionExternalizerV2.read(externalizers.kt:352)
	at org.jetbrains.kotlin.incremental.classpathDiff.JavaClassSnapshotExternalizer.read(ClasspathSnapshotSerializer.kt:212)
	at org.jetbrains.kotlin.incremental.classpathDiff.JavaClassSnapshotExternalizer.read(ClasspathSnapshotSerializer.kt:197)
	at org.jetbrains.kotlin.incremental.storage.DelegateDataExternalizer.read(externalizers.kt:250)
	at org.jetbrains.kotlin.incremental.classpathDiff.AccessibleClassSnapshotExternalizer.read(ClasspathSnapshotSerializer.kt)
	at org.jetbrains.kotlin.incremental.classpathDiff.AccessibleClassSnapshotExternalizer.read(ClasspathSnapshotSerializer.kt:74)
	at org.jetbrains.kotlin.incremental.storage.DelegateDataExternalizer.read(externalizers.kt:250)
	at org.jetbrains.kotlin.incremental.classpathDiff.ClassSnapshotExternalizer.read(ClasspathSnapshotSerializer.kt)
	at org.jetbrains.kotlin.incremental.classpathDiff.ClassSnapshotExternalizer.read(ClasspathSnapshotSerializer.kt:69)
	at org.jetbrains.kotlin.incremental.storage.MapExternalizer.read(externalizers.kt:387)
	at org.jetbrains.kotlin.incremental.classpathDiff.ClasspathEntrySnapshotExternalizer.read(ClasspathSnapshotSerializer.kt:64)
	at org.jetbrains.kotlin.incremental.classpathDiff.ClasspathEntrySnapshotExternalizer.read(ClasspathSnapshotSerializer.kt:56)
	at org.jetbrains.kotlin.incremental.storage.ExternalizersKt.loadFromFile(externalizers.kt:185)
	at org.jetbrains.kotlin.incremental.classpathDiff.CachedClasspathSnapshotSerializer.load$lambda$1$lambda$0(ClasspathSnapshotSerializer.kt:43)
	at org.jetbrains.kotlin.incremental.classpathDiff.InMemoryCacheWithEviction.computeIfAbsent$lambda$5$lambda$2(InMemoryCacheWithEviction.kt:73)
	at org.jetbrains.kotlin.incremental.classpathDiff.InMemoryCacheWithEviction.computeIfAbsent$lambda$5$lambda$3(InMemoryCacheWithEviction.kt:72)
	at java.base/java.util.concurrent.ConcurrentHashMap.computeIfAbsent(Unknown Source)
	at org.jetbrains.kotlin.incremental.classpathDiff.InMemoryCacheWithEviction.computeIfAbsent(InMemoryCacheWithEviction.kt:72)
	at org.jetbrains.kotlin.incremental.classpathDiff.CachedClasspathSnapshotSerializer.load(ClasspathSnapshotSerializer.kt:41)
	at org.jetbrains.kotlin.incremental.snapshots.LazyClasspathSnapshot.getCurrentClasspathSnapshot(LazyClasspathSnapshot.kt:43)
	at org.jetbrains.kotlin.incremental.classpathDiff.ClasspathChangesComputer.computeClasspathChanges(ClasspathChangesComputer.kt:40)
	at org.jetbrains.kotlin.incremental.dirtyFiles.ClasspathSnapshotBasedImpactDeterminer.determineChangedAndImpactedSymbols(ClasspathSnapshotBasedImpactDeterminer.kt:42)
	at org.jetbrains.kotlin.incremental.dirtyFiles.JvmSourcesToCompileCalculator.calculateSourcesToCompileImpl(JvmSourcesToCompileCalculator.kt:41)
	at org.jetbrains.kotlin.incremental.dirtyFiles.JvmSourcesToCompileCalculator.calculateWithClasspathSnapshot(JvmSourcesToCompileCalculator.kt:97)
	at org.jetbrains.kotlin.incremental.IncrementalJvmCompilerRunner.calculateSourcesToCompile(IncrementalJvmCompilerRunner.kt:60)
	at org.jetbrains.kotlin.incremental.IncrementalJvmCompilerRunner.calculateSourcesToCompile(IncrementalJvmCompilerRunner.kt:23)
	at org.jetbrains.kotlin.incremental.IncrementalCompilerRunner.tryCompileIncrementally$lambda$10$compile(IncrementalCompilerRunner.kt:230)
	at org.jetbrains.kotlin.incremental.IncrementalCompilerRunner.tryCompileIncrementally(IncrementalCompilerRunner.kt:272)
	at org.jetbrains.kotlin.incremental.IncrementalCompilerRunner.compile(IncrementalCompilerRunner.kt:124)
	at org.jetbrains.kotlin.daemon.CompileServiceImplBase.execIncrementalCompiler(CompileServiceImpl.kt:679)
	at org.jetbrains.kotlin.daemon.CompileServiceImplBase.access$execIncrementalCompiler(CompileServiceImpl.kt:93)
	at org.jetbrains.kotlin.daemon.CompileServiceImpl.compile(CompileServiceImpl.kt:1806)
	at java.base/jdk.internal.reflect.DirectMethodHandleAccessor.invoke(Unknown Source)
	at java.base/java.lang.reflect.Method.invoke(Unknown Source)
	at java.rmi/sun.rmi.server.UnicastServerRef.dispatch(Unknown Source)
	at java.rmi/sun.rmi.transport.Transport$1.run(Unknown Source)
	at java.rmi/sun.rmi.transport.Transport$1.run(Unknown Source)
	at java.base/java.security.AccessController.doPrivileged(Unknown Source)
	at java.rmi/sun.rmi.transport.Transport.serviceCall(Unknown Source)
	at java.rmi/sun.rmi.transport.tcp.TCPTransport.handleMessages(Unknown Source)
	at java.rmi/sun.rmi.transport.tcp.TCPTransport$ConnectionHandler.run0(Unknown Source)
	at java.rmi/sun.rmi.transport.tcp.TCPTransport$ConnectionHandler.lambda$run$0(Unknown Source)
	at java.base/java.security.AccessController.doPrivileged(Unknown Source)
	at java.rmi/sun.rmi.transport.tcp.TCPTransport$ConnectionHandler.run(Unknown Source)
	at java.base/java.util.concurrent.ThreadPoolExecutor.runWorker(Unknown Source)
	at java.base/java.util.concurrent.ThreadPoolExecutor$Worker.run(Unknown Source)
	at java.base/java.lang.Thread.run(Unknown Source)


